// Jest Snapshot v1, https://goo.gl/fbAQLP

exports[`renders correctly 1`] = `
<h1
  className="css-q913o6-Heading"
>
  Hello
</h1>
`;
