// Jest Snapshot v1, https://goo.gl/fbAQLP

exports[`renders correctly 1`] = `
<button
  className="button text-700 pad-top-300 radius"
  data-variant="primary"
>
  Hello
</button>
`;
