// Jest Snapshot v1, https://goo.gl/fbAQLP

exports[`renders correctly 1`] = `
<svg
  height="24"
  role="img"
  viewBox="0 0 24 24"
  width="24"
  xmlns="http://www.w3.org/2000/svg"
>
  <title>
    Cross
  </title>
  <path
    clipRule="evenodd"
    d="M8.707 7.293a1 1 0 00-1.414 1.414L10.586 12l-3.293 3.293a1 1 0 101.414 1.414L12 13.414l3.293 3.293a1 1 0 001.414-1.414L13.414 12l3.293-3.293a1 1 0 00-1.414-1.414L12 10.586 8.707 7.293z"
    fillRule="evenodd"
  />
</svg>
`;
