// Jest Snapshot v1, https://goo.gl/fbAQLP

exports[`renders correctly 1`] = `
<p
  className="css-ymnrku-Text"
>
  Hello
</p>
`;
