// Jest Snapshot v1, https://goo.gl/fbAQLP

exports[`renders correctly 1`] = `
<button
  className="p-1 bg-green hover:bg-black"
>
  Hello
</button>
`;
