// Jest Snapshot v1, https://goo.gl/fbAQLP

exports[`renders correctly 1`] = `
<div
  className="wrapper "
>
  <div
    className="flow "
  >
    <div
      className="test bg-secondary"
      data-variant="primary"
    />
    <div
      className="test bg-primary"
      data-variant="primary"
    />
  </div>
</div>
`;
